// Jest Snapshot v1, https://goo.gl/fbAQLP

exports[`<Main /> should render the heading 1`] = `
<main
  class="sc-bdnxRM jLusns"
>
  <img
    class="sc-gtsrHT gAhwcl"
    src="/img/logo.svg"
  />
  <h1
    class="sc-dlnjwi faoYDH"
  >
    Boilerplate Reactjs
  </h1>
  <h2
    class="sc-hKFxyN iZJdrJ"
  >
    ReactJS, TypeScript, Jest, Styled Components e StoryBook
  </h2>
  <img
    class="sc-eCApnc dGbtpA"
    src="/img/illustration.jpg"
  />
</main>
`
